{
  "name": "BookkeepingBlock",
  "ty": {
    "Struct": [
      {
        "name": "block_version",
        "ty": {
          "name": "u32",
          "ty": "U32"
        }
      },
      {
        "name": "primary_label",
        "ty": {
          "name": "Option<T>",
          "ty": {
            "Option": {
              "name": "String",
              "ty": "String"
            }
          }
        }
      },
      {
        "name": "address_book",
        "ty": {
          "name": "Vec<T>",
          "ty": {
            "Seq": {
              "name": "AddressBookEntry",
              "ty": {
                "Struct": [
                  {
                    "name": "address",
                    "ty": {
                      "name": "String",
                      "ty": "String"
                    }
                  },
                  {
                    "name": "description",
                    "ty": {
                      "name": "String",
                      "ty": "String"
                    }
                  },
                  {
                    "name": "payment_id",
                    "ty": {
                      "name": "Option<T>",
                      "ty": {
                        "Option": {
                          "name": "PaymentId",
                          "ty": {
                            "NewtypeStruct": {
                              "name": "[T; N]",
                              "ty": {
                                "Tuple": [
                                  {
                                    "name": "u8",
                                    "ty": "U8"
                                  },
                                  {
                                    "name": "u8",
                                    "ty": "U8"
                                  },
                                  {
                                    "name": "u8",
                                    "ty": "U8"
                                  },
                                  {
                                    "name": "u8",
                                    "ty": "U8"
                                  },
                                  {
                                    "name": "u8",
                                    "ty": "U8"
                                  },
                                  {
                                    "name": "u8",
                                    "ty": "U8"
                                  },
                                  {
                                    "name": "u8",
                                    "ty": "U8"
                                  },
                                  {
                                    "name": "u8",
                                    "ty": "U8"
                                  }
                                ]
                              }
                            }
                          }
                        }
                      }
                    }
                  },
                  {
                    "name": "is_subaddress",
                    "ty": {
                      "name": "bool",
                      "ty": "Bool"
                    }
                  }
                ]
              }
            }
          }
        }
      },
      {
        "name": "payment_requests",
        "ty": {
          "name": "Vec<T>",
          "ty": {
            "Seq": {
              "name": "PaymentRequest",
              "ty": {
                "Struct": [
                  {
                    "name": "id",
                    "ty": {
                      "name": "PaymentRequestId",
                      "ty": {
                        "NewtypeStruct": {
                          "name": "u64",
                          "ty": "U64"
                        }
                      }
                    }
                  },
                  {
                    "name": "label",
                    "ty": {
                      "name": "String",
                      "ty": "String"
                    }
                  },
                  {
                    "name": "amount_atomic",
                    "ty": {
                      "name": "u64",
                      "ty": "U64"
                    }
                  },
                  {
                    "name": "created_at",
                    "ty": {
                      "name": "u64",
                      "ty": "U64"
                    }
                  },
                  {
                    "name": "expiry",
                    "ty": {
                      "name": "Option<T>",
                      "ty": {
                        "Option": {
                          "name": "u64",
                          "ty": "U64"
                        }
                      }
                    }
                  },
                  {
                    "name": "state",
                    "ty": {
                      "name": "PaymentRequestState",
                      "ty": {
                        "Enum": [
                          {
                            "name": "Pending",
                            "ty": "UnitVariant"
                          },
                          {
                            "name": "Matched",
                            "ty": "UnitVariant"
                          },
                          {
                            "name": "Expired",
                            "ty": "UnitVariant"
                          },
                          {
                            "name": "Cancelled",
                            "ty": "UnitVariant"
                          }
                        ]
                      }
                    }
                  },
                  {
                    "name": "matched_tx_hash",
                    "ty": {
                      "name": "Option<T>",
                      "ty": {
                        "Option": {
                          "name": "[T; N]",
                          "ty": {
                            "Tuple": [
                              {
                                "name": "u8",
                                "ty": "U8"
                              },
                              {
                                "name": "u8",
                                "ty": "U8"
                              },
                              {
                                "name": "u8",
                                "ty": "U8"
                              },
                              {
                                "name": "u8",
                                "ty": "U8"
                              },
                              {
                                "name": "u8",
                                "ty": "U8"
                              },
                              {
                                "name": "u8",
                                "ty": "U8"
                              },
                              {
                                "name": "u8",
                                "ty": "U8"
                              },
                              {
                                "name": "u8",
                                "ty": "U8"
                              },
                              {
                                "name": "u8",
                                "ty": "U8"
                              },
                              {
                                "name": "u8",
                                "ty": "U8"
                              },
                              {
                                "name": "u8",
                                "ty": "U8"
                              },
                              {
                                "name": "u8",
                                "ty": "U8"
                              },
                              {
                                "name": "u8",
                                "ty": "U8"
                              },
                              {
                                "name": "u8",
                                "ty": "U8"
                              },
                              {
                                "name": "u8",
                                "ty": "U8"
                              },
                              {
                                "name": "u8",
                                "ty": "U8"
                              },
                              {
                                "name": "u8",
                                "ty": "U8"
                              },
                              {
                                "name": "u8",
                                "ty": "U8"
                              },
                              {
                                "name": "u8",
                                "ty": "U8"
                              },
                              {
                                "name": "u8",
                                "ty": "U8"
                              },
                              {
                                "name": "u8",
                                "ty": "U8"
                              },
                              {
                                "name": "u8",
                                "ty": "U8"
                              },
                              {
                                "name": "u8",
                                "ty": "U8"
                              },
                              {
                                "name": "u8",
                                "ty": "U8"
                              },
                              {
                                "name": "u8",
                                "ty": "U8"
                              },
                              {
                                "name": "u8",
                                "ty": "U8"
                              },
                              {
                                "name": "u8",
                                "ty": "U8"
                              },
                              {
                                "name": "u8",
                                "ty": "U8"
                              },
                              {
                                "name": "u8",
                                "ty": "U8"
                              },
                              {
                                "name": "u8",
                                "ty": "U8"
                              },
                              {
                                "name": "u8",
                                "ty": "U8"
                              },
                              {
                                "name": "u8",
                                "ty": "U8"
                              }
                            ]
                          }
                        }
                      }
                    }
                  },
                  {
                    "name": "matched_output_index",
                    "ty": {
                      "name": "Option<T>",
                      "ty": {
                        "Option": {
                          "name": "u64",
                          "ty": "U64"
                        }
                      }
                    }
                  }
                ]
              }
            }
          }
        }
      }
    ]
  }
}
