{
  "name": "PendingPostBlock",
  "ty": {
    "Struct": [
      {
        "name": "version",
        "ty": {
          "name": "u32",
          "ty": "U32"
        }
      },
      {
        "name": "posts",
        "ty": {
          "name": "Vec<T>",
          "ty": {
            "Seq": {
              "name": "PendingBondPost",
              "ty": {
                "Struct": [
                  {
                    "name": "p_slot",
                    "ty": {
                      "name": "u32",
                      "ty": "U32"
                    }
                  },
                  {
                    "name": "persona",
                    "ty": {
                      "name": "PCanonicalId",
                      "ty": {
                        "NewtypeStruct": {
                          "name": "[T; N]",
                          "ty": {
                            "Tuple": [
                              {
                                "name": "u8",
                                "ty": "U8"
                              },
                              {
                                "name": "u8",
                                "ty": "U8"
                              },
                              {
                                "name": "u8",
                                "ty": "U8"
                              },
                              {
                                "name": "u8",
                                "ty": "U8"
                              },
                              {
                                "name": "u8",
                                "ty": "U8"
                              },
                              {
                                "name": "u8",
                                "ty": "U8"
                              },
                              {
                                "name": "u8",
                                "ty": "U8"
                              },
                              {
                                "name": "u8",
                                "ty": "U8"
                              },
                              {
                                "name": "u8",
                                "ty": "U8"
                              },
                              {
                                "name": "u8",
                                "ty": "U8"
                              },
                              {
                                "name": "u8",
                                "ty": "U8"
                              },
                              {
                                "name": "u8",
                                "ty": "U8"
                              },
                              {
                                "name": "u8",
                                "ty": "U8"
                              },
                              {
                                "name": "u8",
                                "ty": "U8"
                              },
                              {
                                "name": "u8",
                                "ty": "U8"
                              },
                              {
                                "name": "u8",
                                "ty": "U8"
                              },
                              {
                                "name": "u8",
                                "ty": "U8"
                              },
                              {
                                "name": "u8",
                                "ty": "U8"
                              },
                              {
                                "name": "u8",
                                "ty": "U8"
                              },
                              {
                                "name": "u8",
                                "ty": "U8"
                              },
                              {
                                "name": "u8",
                                "ty": "U8"
                              },
                              {
                                "name": "u8",
                                "ty": "U8"
                              },
                              {
                                "name": "u8",
                                "ty": "U8"
                              },
                              {
                                "name": "u8",
                                "ty": "U8"
                              },
                              {
                                "name": "u8",
                                "ty": "U8"
                              },
                              {
                                "name": "u8",
                                "ty": "U8"
                              },
                              {
                                "name": "u8",
                                "ty": "U8"
                              },
                              {
                                "name": "u8",
                                "ty": "U8"
                              },
                              {
                                "name": "u8",
                                "ty": "U8"
                              },
                              {
                                "name": "u8",
                                "ty": "U8"
                              },
                              {
                                "name": "u8",
                                "ty": "U8"
                              },
                              {
                                "name": "u8",
                                "ty": "U8"
                              }
                            ]
                          }
                        }
                      }
                    }
                  },
                  {
                    "name": "tx_bytes",
                    "ty": {
                      "name": "Vec<T>",
                      "ty": {
                        "Seq": {
                          "name": "u8",
                          "ty": "U8"
                        }
                      }
                    }
                  },
                  {
                    "name": "entry_offset_blocks",
                    "ty": {
                      "name": "u64",
                      "ty": "U64"
                    }
                  },
                  {
                    "name": "bond_post_offset_blocks",
                    "ty": {
                      "name": "u64",
                      "ty": "U64"
                    }
                  },
                  {
                    "name": "anchor_t0",
                    "ty": {
                      "name": "BlockHeight",
                      "ty": {
                        "NewtypeStruct": {
                          "name": "u64",
                          "ty": "U64"
                        }
                      }
                    }
                  },
                  {
                    "name": "funding_gindexes",
                    "ty": {
                      "name": "Vec<T>",
                      "ty": {
                        "Seq": {
                          "name": "u64",
                          "ty": "U64"
                        }
                      }
                    }
                  },
                  {
                    "name": "state",
                    "ty": {
                      "name": "PendingPostState",
                      "ty": {
                        "Enum": [
                          {
                            "name": "Pending",
                            "ty": "UnitVariant"
                          },
                          {
                            "name": "Dispatched",
                            "ty": {
                              "StructVariant": [
                                {
                                  "name": "at",
                                  "ty": {
                                    "name": "BlockHeight",
                                    "ty": {
                                      "NewtypeStruct": {
                                        "name": "u64",
                                        "ty": "U64"
                                      }
                                    }
                                  }
                                },
                                {
                                  "name": "attempts",
                                  "ty": {
                                    "name": "u32",
                                    "ty": "U32"
                                  }
                                }
                              ]
                            }
                          }
                        ]
                      }
                    }
                  }
                ]
              }
            }
          }
        }
      }
    ]
  }
}
