{
  "name": "PScanCursor",
  "ty": {
    "Struct": [
      {
        "name": "version",
        "ty": {
          "name": "u32",
          "ty": "U32"
        }
      },
      {
        "name": "synced_height",
        "ty": {
          "name": "BlockHeight",
          "ty": {
            "NewtypeStruct": {
              "name": "u64",
              "ty": "U64"
            }
          }
        }
      }
    ]
  }
}
