{
  "name": "PScanState",
  "ty": {
    "Struct": [
      {
        "name": "version",
        "ty": {
          "name": "u32",
          "ty": "U32"
        }
      },
      {
        "name": "cursor",
        "ty": {
          "name": "PScanCursor",
          "ty": {
            "Struct": [
              {
                "name": "version",
                "ty": {
                  "name": "u32",
                  "ty": "U32"
                }
              },
              {
                "name": "synced_height",
                "ty": {
                  "name": "BlockHeight",
                  "ty": {
                    "NewtypeStruct": {
                      "name": "u64",
                      "ty": "U64"
                    }
                  }
                }
              },
              {
                "name": "frontier_hash",
                "ty": {
                  "name": "[T; N]",
                  "ty": {
                    "Tuple": [
                      {
                        "name": "u8",
                        "ty": "U8"
                      },
                      {
                        "name": "u8",
                        "ty": "U8"
                      },
                      {
                        "name": "u8",
                        "ty": "U8"
                      },
                      {
                        "name": "u8",
                        "ty": "U8"
                      },
                      {
                        "name": "u8",
                        "ty": "U8"
                      },
                      {
                        "name": "u8",
                        "ty": "U8"
                      },
                      {
                        "name": "u8",
                        "ty": "U8"
                      },
                      {
                        "name": "u8",
                        "ty": "U8"
                      },
                      {
                        "name": "u8",
                        "ty": "U8"
                      },
                      {
                        "name": "u8",
                        "ty": "U8"
                      },
                      {
                        "name": "u8",
                        "ty": "U8"
                      },
                      {
                        "name": "u8",
                        "ty": "U8"
                      },
                      {
                        "name": "u8",
                        "ty": "U8"
                      },
                      {
                        "name": "u8",
                        "ty": "U8"
                      },
                      {
                        "name": "u8",
                        "ty": "U8"
                      },
                      {
                        "name": "u8",
                        "ty": "U8"
                      },
                      {
                        "name": "u8",
                        "ty": "U8"
                      },
                      {
                        "name": "u8",
                        "ty": "U8"
                      },
                      {
                        "name": "u8",
                        "ty": "U8"
                      },
                      {
                        "name": "u8",
                        "ty": "U8"
                      },
                      {
                        "name": "u8",
                        "ty": "U8"
                      },
                      {
                        "name": "u8",
                        "ty": "U8"
                      },
                      {
                        "name": "u8",
                        "ty": "U8"
                      },
                      {
                        "name": "u8",
                        "ty": "U8"
                      },
                      {
                        "name": "u8",
                        "ty": "U8"
                      },
                      {
                        "name": "u8",
                        "ty": "U8"
                      },
                      {
                        "name": "u8",
                        "ty": "U8"
                      },
                      {
                        "name": "u8",
                        "ty": "U8"
                      },
                      {
                        "name": "u8",
                        "ty": "U8"
                      },
                      {
                        "name": "u8",
                        "ty": "U8"
                      },
                      {
                        "name": "u8",
                        "ty": "U8"
                      },
                      {
                        "name": "u8",
                        "ty": "U8"
                      }
                    ]
                  }
                }
              }
            ]
          }
        }
      },
      {
        "name": "accruals",
        "ty": {
          "name": "BTreeMap<K, V>",
          "ty": {
            "Map": {
              "key": {
                "name": "SettlementEpoch",
                "ty": {
                  "NewtypeStruct": {
                    "name": "u64",
                    "ty": "U64"
                  }
                }
              },
              "val": {
                "name": "AtomicUnits",
                "ty": {
                  "NewtypeStruct": {
                    "name": "u64",
                    "ty": "U64"
                  }
                }
              }
            }
          }
        }
      },
      {
        "name": "pending_unbonds",
        "ty": {
          "name": "BTreeMap<K, V>",
          "ty": {
            "Map": {
              "key": {
                "name": "PCanonicalId",
                "ty": {
                  "NewtypeStruct": {
                    "name": "[T; N]",
                    "ty": {
                      "Tuple": [
                        {
                          "name": "u8",
                          "ty": "U8"
                        },
                        {
                          "name": "u8",
                          "ty": "U8"
                        },
                        {
                          "name": "u8",
                          "ty": "U8"
                        },
                        {
                          "name": "u8",
                          "ty": "U8"
                        },
                        {
                          "name": "u8",
                          "ty": "U8"
                        },
                        {
                          "name": "u8",
                          "ty": "U8"
                        },
                        {
                          "name": "u8",
                          "ty": "U8"
                        },
                        {
                          "name": "u8",
                          "ty": "U8"
                        },
                        {
                          "name": "u8",
                          "ty": "U8"
                        },
                        {
                          "name": "u8",
                          "ty": "U8"
                        },
                        {
                          "name": "u8",
                          "ty": "U8"
                        },
                        {
                          "name": "u8",
                          "ty": "U8"
                        },
                        {
                          "name": "u8",
                          "ty": "U8"
                        },
                        {
                          "name": "u8",
                          "ty": "U8"
                        },
                        {
                          "name": "u8",
                          "ty": "U8"
                        },
                        {
                          "name": "u8",
                          "ty": "U8"
                        },
                        {
                          "name": "u8",
                          "ty": "U8"
                        },
                        {
                          "name": "u8",
                          "ty": "U8"
                        },
                        {
                          "name": "u8",
                          "ty": "U8"
                        },
                        {
                          "name": "u8",
                          "ty": "U8"
                        },
                        {
                          "name": "u8",
                          "ty": "U8"
                        },
                        {
                          "name": "u8",
                          "ty": "U8"
                        },
                        {
                          "name": "u8",
                          "ty": "U8"
                        },
                        {
                          "name": "u8",
                          "ty": "U8"
                        },
                        {
                          "name": "u8",
                          "ty": "U8"
                        },
                        {
                          "name": "u8",
                          "ty": "U8"
                        },
                        {
                          "name": "u8",
                          "ty": "U8"
                        },
                        {
                          "name": "u8",
                          "ty": "U8"
                        },
                        {
                          "name": "u8",
                          "ty": "U8"
                        },
                        {
                          "name": "u8",
                          "ty": "U8"
                        },
                        {
                          "name": "u8",
                          "ty": "U8"
                        },
                        {
                          "name": "u8",
                          "ty": "U8"
                        }
                      ]
                    }
                  }
                }
              },
              "val": {
                "name": "SettlementEpoch",
                "ty": {
                  "NewtypeStruct": {
                    "name": "u64",
                    "ty": "U64"
                  }
                }
              }
            }
          }
        }
      },
      {
        "name": "bond_post_matches",
        "ty": {
          "name": "Vec<T>",
          "ty": {
            "Seq": {
              "name": "BondPostRecord",
              "ty": {
                "Struct": [
                  {
                    "name": "height",
                    "ty": {
                      "name": "BlockHeight",
                      "ty": {
                        "NewtypeStruct": {
                          "name": "u64",
                          "ty": "U64"
                        }
                      }
                    }
                  },
                  {
                    "name": "p_canonical_id",
                    "ty": {
                      "name": "PCanonicalId",
                      "ty": {
                        "NewtypeStruct": {
                          "name": "[T; N]",
                          "ty": {
                            "Tuple": [
                              {
                                "name": "u8",
                                "ty": "U8"
                              },
                              {
                                "name": "u8",
                                "ty": "U8"
                              },
                              {
                                "name": "u8",
                                "ty": "U8"
                              },
                              {
                                "name": "u8",
                                "ty": "U8"
                              },
                              {
                                "name": "u8",
                                "ty": "U8"
                              },
                              {
                                "name": "u8",
                                "ty": "U8"
                              },
                              {
                                "name": "u8",
                                "ty": "U8"
                              },
                              {
                                "name": "u8",
                                "ty": "U8"
                              },
                              {
                                "name": "u8",
                                "ty": "U8"
                              },
                              {
                                "name": "u8",
                                "ty": "U8"
                              },
                              {
                                "name": "u8",
                                "ty": "U8"
                              },
                              {
                                "name": "u8",
                                "ty": "U8"
                              },
                              {
                                "name": "u8",
                                "ty": "U8"
                              },
                              {
                                "name": "u8",
                                "ty": "U8"
                              },
                              {
                                "name": "u8",
                                "ty": "U8"
                              },
                              {
                                "name": "u8",
                                "ty": "U8"
                              },
                              {
                                "name": "u8",
                                "ty": "U8"
                              },
                              {
                                "name": "u8",
                                "ty": "U8"
                              },
                              {
                                "name": "u8",
                                "ty": "U8"
                              },
                              {
                                "name": "u8",
                                "ty": "U8"
                              },
                              {
                                "name": "u8",
                                "ty": "U8"
                              },
                              {
                                "name": "u8",
                                "ty": "U8"
                              },
                              {
                                "name": "u8",
                                "ty": "U8"
                              },
                              {
                                "name": "u8",
                                "ty": "U8"
                              },
                              {
                                "name": "u8",
                                "ty": "U8"
                              },
                              {
                                "name": "u8",
                                "ty": "U8"
                              },
                              {
                                "name": "u8",
                                "ty": "U8"
                              },
                              {
                                "name": "u8",
                                "ty": "U8"
                              },
                              {
                                "name": "u8",
                                "ty": "U8"
                              },
                              {
                                "name": "u8",
                                "ty": "U8"
                              },
                              {
                                "name": "u8",
                                "ty": "U8"
                              },
                              {
                                "name": "u8",
                                "ty": "U8"
                              }
                            ]
                          }
                        }
                      }
                    }
                  },
                  {
                    "name": "post_kind",
                    "ty": {
                      "name": "u8",
                      "ty": "U8"
                    }
                  }
                ]
              }
            }
          }
        }
      }
    ]
  }
}
