{
  "name": "SendJournalBlock",
  "ty": {
    "Struct": [
      {
        "name": "block_version",
        "ty": {
          "name": "u32",
          "ty": "U32"
        }
      },
      {
        "name": "rows",
        "ty": {
          "name": "BTreeMap<K, V>",
          "ty": {
            "Map": {
              "key": {
                "name": "[T; N]",
                "ty": {
                  "Tuple": [
                    {
                      "name": "u8",
                      "ty": "U8"
                    },
                    {
                      "name": "u8",
                      "ty": "U8"
                    },
                    {
                      "name": "u8",
                      "ty": "U8"
                    },
                    {
                      "name": "u8",
                      "ty": "U8"
                    },
                    {
                      "name": "u8",
                      "ty": "U8"
                    },
                    {
                      "name": "u8",
                      "ty": "U8"
                    },
                    {
                      "name": "u8",
                      "ty": "U8"
                    },
                    {
                      "name": "u8",
                      "ty": "U8"
                    },
                    {
                      "name": "u8",
                      "ty": "U8"
                    },
                    {
                      "name": "u8",
                      "ty": "U8"
                    },
                    {
                      "name": "u8",
                      "ty": "U8"
                    },
                    {
                      "name": "u8",
                      "ty": "U8"
                    },
                    {
                      "name": "u8",
                      "ty": "U8"
                    },
                    {
                      "name": "u8",
                      "ty": "U8"
                    },
                    {
                      "name": "u8",
                      "ty": "U8"
                    },
                    {
                      "name": "u8",
                      "ty": "U8"
                    },
                    {
                      "name": "u8",
                      "ty": "U8"
                    },
                    {
                      "name": "u8",
                      "ty": "U8"
                    },
                    {
                      "name": "u8",
                      "ty": "U8"
                    },
                    {
                      "name": "u8",
                      "ty": "U8"
                    },
                    {
                      "name": "u8",
                      "ty": "U8"
                    },
                    {
                      "name": "u8",
                      "ty": "U8"
                    },
                    {
                      "name": "u8",
                      "ty": "U8"
                    },
                    {
                      "name": "u8",
                      "ty": "U8"
                    },
                    {
                      "name": "u8",
                      "ty": "U8"
                    },
                    {
                      "name": "u8",
                      "ty": "U8"
                    },
                    {
                      "name": "u8",
                      "ty": "U8"
                    },
                    {
                      "name": "u8",
                      "ty": "U8"
                    },
                    {
                      "name": "u8",
                      "ty": "U8"
                    },
                    {
                      "name": "u8",
                      "ty": "U8"
                    },
                    {
                      "name": "u8",
                      "ty": "U8"
                    },
                    {
                      "name": "u8",
                      "ty": "U8"
                    }
                  ]
                }
              },
              "val": {
                "name": "SendRecord",
                "ty": {
                  "Struct": [
                    {
                      "name": "dispatched_at_height",
                      "ty": {
                        "name": "u64",
                        "ty": "U64"
                      }
                    },
                    {
                      "name": "fee",
                      "ty": {
                        "name": "u64",
                        "ty": "U64"
                      }
                    },
                    {
                      "name": "recipients",
                      "ty": {
                        "name": "Vec<T>",
                        "ty": {
                          "Seq": {
                            "name": "SendRecipient",
                            "ty": {
                              "Struct": [
                                {
                                  "name": "address",
                                  "ty": {
                                    "name": "String",
                                    "ty": "String"
                                  }
                                },
                                {
                                  "name": "amount",
                                  "ty": {
                                    "name": "u64",
                                    "ty": "U64"
                                  }
                                }
                              ]
                            }
                          }
                        }
                      }
                    },
                    {
                      "name": "change_amount",
                      "ty": {
                        "name": "u64",
                        "ty": "U64"
                      }
                    },
                    {
                      "name": "inputs",
                      "ty": {
                        "name": "Vec<T>",
                        "ty": {
                          "Seq": {
                            "name": "SendInputRef",
                            "ty": {
                              "Struct": [
                                {
                                  "name": "gindex",
                                  "ty": {
                                    "name": "u64",
                                    "ty": "U64"
                                  }
                                },
                                {
                                  "name": "amount",
                                  "ty": {
                                    "name": "u64",
                                    "ty": "U64"
                                  }
                                }
                              ]
                            }
                          }
                        }
                      }
                    },
                    {
                      "name": "lock_baseline",
                      "ty": {
                        "name": "Option<T>",
                        "ty": {
                          "Option": {
                            "name": "u64",
                            "ty": "U64"
                          }
                        }
                      }
                    },
                    {
                      "name": "state",
                      "ty": {
                        "name": "SendState",
                        "ty": {
                          "Enum": [
                            {
                              "name": "Dispatched",
                              "ty": "UnitVariant"
                            },
                            {
                              "name": "Confirmed",
                              "ty": {
                                "StructVariant": [
                                  {
                                    "name": "height",
                                    "ty": {
                                      "name": "u64",
                                      "ty": "U64"
                                    }
                                  }
                                ]
                              }
                            },
                            {
                              "name": "TerminalRejected",
                              "ty": "UnitVariant"
                            },
                            {
                              "name": "PresumedDead",
                              "ty": "UnitVariant"
                            }
                          ]
                        }
                      }
                    }
                  ]
                }
              }
            }
          }
        }
      }
    ]
  }
}
