{
  "name": "StakingBlock",
  "ty": {
    "Struct": [
      {
        "name": "block_version",
        "ty": {
          "name": "u32",
          "ty": "U32"
        }
      },
      {
        "name": "staking_enabled",
        "ty": {
          "name": "bool",
          "ty": "Bool"
        }
      },
      {
        "name": "p_slot",
        "ty": {
          "name": "u32",
          "ty": "U32"
        }
      },
      {
        "name": "bonded_slots",
        "ty": {
          "name": "Vec<T>",
          "ty": {
            "Seq": {
              "name": "u32",
              "ty": "U32"
            }
          }
        }
      },
      {
        "name": "persona_id_cache",
        "ty": {
          "name": "BTreeMap<K, V>",
          "ty": {
            "Map": {
              "key": {
                "name": "u32",
                "ty": "U32"
              },
              "val": {
                "name": "PCanonicalId",
                "ty": {
                  "NewtypeStruct": {
                    "name": "[T; N]",
                    "ty": {
                      "Tuple": [
                        {
                          "name": "u8",
                          "ty": "U8"
                        },
                        {
                          "name": "u8",
                          "ty": "U8"
                        },
                        {
                          "name": "u8",
                          "ty": "U8"
                        },
                        {
                          "name": "u8",
                          "ty": "U8"
                        },
                        {
                          "name": "u8",
                          "ty": "U8"
                        },
                        {
                          "name": "u8",
                          "ty": "U8"
                        },
                        {
                          "name": "u8",
                          "ty": "U8"
                        },
                        {
                          "name": "u8",
                          "ty": "U8"
                        },
                        {
                          "name": "u8",
                          "ty": "U8"
                        },
                        {
                          "name": "u8",
                          "ty": "U8"
                        },
                        {
                          "name": "u8",
                          "ty": "U8"
                        },
                        {
                          "name": "u8",
                          "ty": "U8"
                        },
                        {
                          "name": "u8",
                          "ty": "U8"
                        },
                        {
                          "name": "u8",
                          "ty": "U8"
                        },
                        {
                          "name": "u8",
                          "ty": "U8"
                        },
                        {
                          "name": "u8",
                          "ty": "U8"
                        },
                        {
                          "name": "u8",
                          "ty": "U8"
                        },
                        {
                          "name": "u8",
                          "ty": "U8"
                        },
                        {
                          "name": "u8",
                          "ty": "U8"
                        },
                        {
                          "name": "u8",
                          "ty": "U8"
                        },
                        {
                          "name": "u8",
                          "ty": "U8"
                        },
                        {
                          "name": "u8",
                          "ty": "U8"
                        },
                        {
                          "name": "u8",
                          "ty": "U8"
                        },
                        {
                          "name": "u8",
                          "ty": "U8"
                        },
                        {
                          "name": "u8",
                          "ty": "U8"
                        },
                        {
                          "name": "u8",
                          "ty": "U8"
                        },
                        {
                          "name": "u8",
                          "ty": "U8"
                        },
                        {
                          "name": "u8",
                          "ty": "U8"
                        },
                        {
                          "name": "u8",
                          "ty": "U8"
                        },
                        {
                          "name": "u8",
                          "ty": "U8"
                        },
                        {
                          "name": "u8",
                          "ty": "U8"
                        },
                        {
                          "name": "u8",
                          "ty": "U8"
                        }
                      ]
                    }
                  }
                }
              }
            }
          }
        }
      },
      {
        "name": "bond_sightings",
        "ty": {
          "name": "BTreeMap<K, V>",
          "ty": {
            "Map": {
              "key": {
                "name": "u32",
                "ty": "U32"
              },
              "val": {
                "name": "BlockHeight",
                "ty": {
                  "NewtypeStruct": {
                    "name": "u64",
                    "ty": "U64"
                  }
                }
              }
            }
          }
        }
      }
    ]
  }
}
